// Jest Snapshot v1, https://goo.gl/fbAQLP

exports[`App should render the App component and match the snapshot 1`] = `
Object {
  "asFragment": [Function],
  "baseElement": <body>
    <div>
      <div
        class="App"
      >
        <div
          class="login-container"
        >
          <h1>
            Employee Polls
          </h1>
          <img
            alt="Employee Avatars"
            class="avatar"
            src="https://www.polly.ai/hubfs/Blog%20Images/Illustrations%20(white,%20svg)/Employee%20Feedback%202.svg"
            style="width: 400px; height: 400px;"
          />
          <h3>
            Log In
          </h3>
          <form>
            <div
              class="form-group"
            >
              <input
                placeholder="User"
                required=""
                type="text"
                value="sarahedo"
              />
            </div>
            <div
              class="form-group"
            >
              <input
                placeholder="Password"
                required=""
                type="password"
                value="password123"
              />
            </div>
            <button
              class="btn"
              type="submit"
            >
              Submit
            </button>
          </form>
        </div>
      </div>
    </div>
  </body>,
  "container": <div>
    <div
      class="App"
    >
      <div
        class="login-container"
      >
        <h1>
          Employee Polls
        </h1>
        <img
          alt="Employee Avatars"
          class="avatar"
          src="https://www.polly.ai/hubfs/Blog%20Images/Illustrations%20(white,%20svg)/Employee%20Feedback%202.svg"
          style="width: 400px; height: 400px;"
        />
        <h3>
          Log In
        </h3>
        <form>
          <div
            class="form-group"
          >
            <input
              placeholder="User"
              required=""
              type="text"
              value="sarahedo"
            />
          </div>
          <div
            class="form-group"
          >
            <input
              placeholder="Password"
              required=""
              type="password"
              value="password123"
            />
          </div>
          <button
            class="btn"
            type="submit"
          >
            Submit
          </button>
        </form>
      </div>
    </div>
  </div>,
  "debug": [Function],
  "findAllByAltText": [Function],
  "findAllByDisplayValue": [Function],
  "findAllByLabelText": [Function],
  "findAllByPlaceholderText": [Function],
  "findAllByRole": [Function],
  "findAllByTestId": [Function],
  "findAllByText": [Function],
  "findAllByTitle": [Function],
  "findByAltText": [Function],
  "findByDisplayValue": [Function],
  "findByLabelText": [Function],
  "findByPlaceholderText": [Function],
  "findByRole": [Function],
  "findByTestId": [Function],
  "findByText": [Function],
  "findByTitle": [Function],
  "getAllByAltText": [Function],
  "getAllByDisplayValue": [Function],
  "getAllByLabelText": [Function],
  "getAllByPlaceholderText": [Function],
  "getAllByRole": [Function],
  "getAllByTestId": [Function],
  "getAllByText": [Function],
  "getAllByTitle": [Function],
  "getByAltText": [Function],
  "getByDisplayValue": [Function],
  "getByLabelText": [Function],
  "getByPlaceholderText": [Function],
  "getByRole": [Function],
  "getByTestId": [Function],
  "getByText": [Function],
  "getByTitle": [Function],
  "queryAllByAltText": [Function],
  "queryAllByDisplayValue": [Function],
  "queryAllByLabelText": [Function],
  "queryAllByPlaceholderText": [Function],
  "queryAllByRole": [Function],
  "queryAllByTestId": [Function],
  "queryAllByText": [Function],
  "queryAllByTitle": [Function],
  "queryByAltText": [Function],
  "queryByDisplayValue": [Function],
  "queryByLabelText": [Function],
  "queryByPlaceholderText": [Function],
  "queryByRole": [Function],
  "queryByTestId": [Function],
  "queryByText": [Function],
  "queryByTitle": [Function],
  "rerender": [Function],
  "unmount": [Function],
}
`;

exports[`App should render the component 1`] = `
Object {
  "asFragment": [Function],
  "baseElement": <body>
    <div>
      <div
        class="App"
      >
        <div
          class="login-container"
        >
          <h1>
            Employee Polls
          </h1>
          <img
            alt="Employee Avatars"
            class="avatar"
            src="https://www.polly.ai/hubfs/Blog%20Images/Illustrations%20(white,%20svg)/Employee%20Feedback%202.svg"
            style="width: 400px; height: 400px;"
          />
          <h3>
            Log In
          </h3>
          <form>
            <div
              class="form-group"
            >
              <input
                placeholder="User"
                required=""
                type="text"
                value="sarahedo"
              />
            </div>
            <div
              class="form-group"
            >
              <input
                placeholder="Password"
                required=""
                type="password"
                value="password123"
              />
            </div>
            <button
              class="btn"
              type="submit"
            >
              Submit
            </button>
          </form>
        </div>
      </div>
    </div>
  </body>,
  "container": <div>
    <div
      class="App"
    >
      <div
        class="login-container"
      >
        <h1>
          Employee Polls
        </h1>
        <img
          alt="Employee Avatars"
          class="avatar"
          src="https://www.polly.ai/hubfs/Blog%20Images/Illustrations%20(white,%20svg)/Employee%20Feedback%202.svg"
          style="width: 400px; height: 400px;"
        />
        <h3>
          Log In
        </h3>
        <form>
          <div
            class="form-group"
          >
            <input
              placeholder="User"
              required=""
              type="text"
              value="sarahedo"
            />
          </div>
          <div
            class="form-group"
          >
            <input
              placeholder="Password"
              required=""
              type="password"
              value="password123"
            />
          </div>
          <button
            class="btn"
            type="submit"
          >
            Submit
          </button>
        </form>
      </div>
    </div>
  </div>,
  "debug": [Function],
  "findAllByAltText": [Function],
  "findAllByDisplayValue": [Function],
  "findAllByLabelText": [Function],
  "findAllByPlaceholderText": [Function],
  "findAllByRole": [Function],
  "findAllByTestId": [Function],
  "findAllByText": [Function],
  "findAllByTitle": [Function],
  "findByAltText": [Function],
  "findByDisplayValue": [Function],
  "findByLabelText": [Function],
  "findByPlaceholderText": [Function],
  "findByRole": [Function],
  "findByTestId": [Function],
  "findByText": [Function],
  "findByTitle": [Function],
  "getAllByAltText": [Function],
  "getAllByDisplayValue": [Function],
  "getAllByLabelText": [Function],
  "getAllByPlaceholderText": [Function],
  "getAllByRole": [Function],
  "getAllByTestId": [Function],
  "getAllByText": [Function],
  "getAllByTitle": [Function],
  "getByAltText": [Function],
  "getByDisplayValue": [Function],
  "getByLabelText": [Function],
  "getByPlaceholderText": [Function],
  "getByRole": [Function],
  "getByTestId": [Function],
  "getByText": [Function],
  "getByTitle": [Function],
  "queryAllByAltText": [Function],
  "queryAllByDisplayValue": [Function],
  "queryAllByLabelText": [Function],
  "queryAllByPlaceholderText": [Function],
  "queryAllByRole": [Function],
  "queryAllByTestId": [Function],
  "queryAllByText": [Function],
  "queryAllByTitle": [Function],
  "queryByAltText": [Function],
  "queryByDisplayValue": [Function],
  "queryByLabelText": [Function],
  "queryByPlaceholderText": [Function],
  "queryByRole": [Function],
  "queryByTestId": [Function],
  "queryByText": [Function],
  "queryByTitle": [Function],
  "rerender": [Function],
  "unmount": [Function],
}
`;
